// Jest Snapshot v1, https://goo.gl/fbAQLP

exports[`should display three buttons 1`] = `
<View
  style={
    Object {
      "flexDirection": "row",
      "justifyContent": "space-around",
      "marginTop": 20,
    }
  }
>
  <View
    accessible={true}
    collapsable={false}
    focusable={true}
    onBlur={[Function]}
    onClick={[Function]}
    onFocus={[Function]}
    onResponderGrant={[Function]}
    onResponderMove={[Function]}
    onResponderRelease={[Function]}
    onResponderTerminate={[Function]}
    onResponderTerminationRequest={[Function]}
    onStartShouldSetResponder={[Function]}
  >
    <View
      style={
        Array [
          Object {
            "alignItems": "center",
            "borderBottomLeftRadius": 10,
            "borderBottomRightRadius": 10,
            "borderTopLeftRadius": 10,
            "borderTopRightRadius": 10,
            "height": 35,
            "justifyContent": "center",
            "width": 110,
          },
          Object {
            "backgroundColor": "#20150d",
          },
        ]
      }
    >
      <Text />
    </View>
  </View>
  <View
    accessible={true}
    collapsable={false}
    focusable={true}
    onBlur={[Function]}
    onClick={[Function]}
    onFocus={[Function]}
    onResponderGrant={[Function]}
    onResponderMove={[Function]}
    onResponderRelease={[Function]}
    onResponderTerminate={[Function]}
    onResponderTerminationRequest={[Function]}
    onStartShouldSetResponder={[Function]}
  >
    <View
      style={
        Array [
          Object {
            "alignItems": "center",
            "borderBottomLeftRadius": 10,
            "borderBottomRightRadius": 10,
            "borderTopLeftRadius": 10,
            "borderTopRightRadius": 10,
            "height": 35,
            "justifyContent": "center",
            "width": 110,
          },
          Object {
            "backgroundColor": "#20150d",
          },
        ]
      }
    >
      <Text />
    </View>
  </View>
  <View
    accessible={true}
    collapsable={false}
    focusable={true}
    onBlur={[Function]}
    onClick={[Function]}
    onFocus={[Function]}
    onResponderGrant={[Function]}
    onResponderMove={[Function]}
    onResponderRelease={[Function]}
    onResponderTerminate={[Function]}
    onResponderTerminationRequest={[Function]}
    onStartShouldSetResponder={[Function]}
  >
    <View
      style={
        Array [
          Object {
            "alignItems": "center",
            "borderBottomLeftRadius": 10,
            "borderBottomRightRadius": 10,
            "borderTopLeftRadius": 10,
            "borderTopRightRadius": 10,
            "height": 35,
            "justifyContent": "center",
            "width": 110,
          },
          Object {
            "backgroundColor": "#20150d",
          },
        ]
      }
    >
      <Text />
    </View>
  </View>
</View>
`;
